C51 COMPILER V8.05a   CHENGXU                                                              07/26/2010 14:59:50 PAGE 1   


C51 COMPILER V8.05a, COMPILATION OF MODULE CHENGXU
OBJECT MODULE PLACED IN chengxu.OBJ
COMPILER INVOKED BY: C:\Keil\C51\BIN\C51.EXE chengxu.c BROWSE DEBUG OBJECTEXTEND

line level    source

   1          
   2          /********************************************************
   3          
   4          实现功能：工作方式改变程序
   5          使用芯片：AT89S52
   6          晶振：11.0592MHZ
   7          编译环境：Keil
   8          作者：zhangxinchunleo
   9          网站：www.ourhc.cn
  10          淘宝店：汇诚科技 http://shop36330473.taobao.com
  11          
  12          【声明】此程序仅用于学习与参考，引用请注明版权和作者信息！     
  13          ********************************************************/
  14          #include<reg52.h> //库文件
  15          #define uchar unsigned char     //字符型宏定义
  16          #define uint unsigned int       //整型宏定义
  17          uchar tcnt;                                 //定时器计数初值定义
  18          uint sec;                                   //速度值定义
  19          /********************************************************
  20                                                          控制位定义
  21          ********************************************************/
  22          
  23          sbit shi_neng=P1^0;  // 使能控制位
  24          sbit fang_shi=P1^1;  // 工作方式控制位
  25          sbit fang_xiang=P1^2;// 旋转方向控制位
  26          sbit mai_chong=P1^3; // 脉冲控制位
  27          
  28          /********************************************************************
  29                                  定时中断服务函数
  30          *********************************************************************/
  31          void t0(void) interrupt 1 using 0 //定时中断服务函数
  32          {
  33   1              tcnt++; //每过250ust tcnt 加一
  34   1              if(tcnt==4) //当tcnt满足条件时
  35   1              {
  36   2                      tcnt=0; //计满重新再计
  37   2                      sec++;
  38   2                      if(sec==5) //括号内数值越小，电机转动速度越快
  39   2                      {
  40   3                              sec=0; //计满重新再计
  41   3                              mai_chong=~mai_chong; //脉冲输出
  42   3                      }
  43   2              }
  44   1      }
  45          
  46          /********************************************************
  47                                                          初始化
  48          ********************************************************/
  49          void  init()
  50          {
  51   1              TMOD=0x02; //定时器工作在方式2
  52   1              ET0=1;
  53   1              EA=1;
  54   1              TH0=0x06; //对TH0 TL0 赋值
  55   1              TL0=0x06;
C51 COMPILER V8.05a   CHENGXU                                                              07/26/2010 14:59:50 PAGE 2   

  56   1              TR0=1; //开始定时
  57   1              sec=0;
  58   1              mai_chong=1; // 脉冲控制位
  59   1      }
  60          
  61          /********************************************************
  62                                                          主函数
  63          ********************************************************/
  64          
  65          main()
  66          {
  67   1          init();              //程序初始化
  68   1              while(1)
  69   1              {
  70   2              shi_neng=1;  // 使能控制位
  71   2              fang_shi=0;  // 工作方式控制 
  72   2              fang_xiang=1;// 控制方向为正转
  73   2              }
  74   1      }
  75          /********************************************************
  76                                                          结束
  77          ********************************************************/


MODULE INFORMATION:   STATIC OVERLAYABLE
   CODE SIZE        =     73    ----
   CONSTANT SIZE    =   ----    ----
   XDATA SIZE       =   ----    ----
   PDATA SIZE       =   ----    ----
   DATA SIZE        =      3    ----
   IDATA SIZE       =   ----    ----
   BIT SIZE         =   ----    ----
END OF MODULE INFORMATION.


C51 COMPILATION COMPLETE.  0 WARNING(S),  0 ERROR(S)
